<html>
  <head>
    <link type="text/css" href="./a.css" rel="stylesheet">
  </head>
</html>