<html>
  <head>
    <meta http-equiv="Content-Type" content="text/html; charset=UTF-8">
    <meta http-equiv="X-UA-Compatible" content="IE=Edge">
    
    
    <link type="text/css" href="./a.css" rel="stylesheet">
    
  </head>
  <body>
    <div class="outerDiv">
      <div class="mediumDiv">
        <div class="innerDiv">
          <span class="in_inner_div_span" />
        </div>
      </div>
    </div>
  </body>
</html>